Vertex              Distance from source
a                       02
c                       22
b                       12
d                       72
